7,10,36,5,9,0,1,4,17,12,22
9,0,Infinity,22,0,-15,-12,-22,36,8,144